
> lasfrontend@0.0.0 build
> tsc && vite build

src/context/AuthContext.tsx(1,8): error TS6133: 'React' is declared but its value is never read.
